// Jest Snapshot v1, https://goo.gl/fbAQLP

exports[`should add tags to html content 1`] = `"<p>La loi n’en prévoit pas. En revanche, certaines <webcomponent-tooltip text=\\"conventions collectives\\" content=\\"Convention collective tooltip\\"></webcomponent-tooltip> organisent en faveur des salariés licenciés (rarement pour ceux qui donnent leur démission) des temps d’absence - rémunérés ou non - pour rechercher un emploi pendant le préavis. Il convient donc, sur ce point, de se reporter aux conventions ou aux accords collectifs applicables dans l’entreprise.</p>"`;
